test-std (x86_64, -Devloop=io_uring, 1)	UNKNOWN STEP	﻿2026-07-16T13:14:54.4599655Z Current runner version: '2.335.1'
test-std (x86_64, -Devloop=io_uring, 1)	UNKNOWN STEP	2026-07-16T13:14:54.4635294Z ##[group]Runner Image Provisioner
test-std (x86_64, -Devloop=io_uring, 1)	UNKNOWN STEP	2026-07-16T13:14:54.4636566Z Hosted Compute Agent
test-std (x86_64, -Devloop=io_uring, 1)	UNKNOWN STEP	2026-07-16T13:18:29.4143838Z   String#each_grapheme GB9c
test-std (x86_64, -Devloop=io_uring, 1)	UNKNOWN STEP	2026-07-16T13:18:29.4144350Z   String#each_grapheme GB9c
test-std (x86_64, -Devloop=io_uring, 1)	UNKNOWN STEP	2026-07-16T13:18:29.4144866Z   String#each_grapheme GB9c
test-std (x86_64, -Devloop=io_uring, 1)	UNKNOWN STEP	2026-07-16T13:18:29.4145385Z   String#each_grapheme GB9c
test-std (x86_64, -Devloop=io_uring, 1)	UNKNOWN STEP	2026-07-16T13:18:29.4146045Z   Math Functions for computing quotient and remainder
test-std (x86_64, -Devloop=io_uring, 1)	UNKNOWN STEP	2026-07-16T13:18:29.4146501Z 
test-std (x86_64, -Devloop=io_uring, 1)	UNKNOWN STEP	2026-07-16T13:18:29.4146633Z Failures:
test-std (x86_64, -Devloop=io_uring, 1)	UNKNOWN STEP	2026-07-16T13:18:29.4146809Z 
test-std (x86_64, -Devloop=io_uring, 1)	UNKNOWN STEP	2026-07-16T13:18:29.4147067Z   1) Socket #bind using IPv4 binds to port using default IP
test-std (x86_64, -Devloop=io_uring, 1)	UNKNOWN STEP	2026-07-16T13:18:29.4147490Z 
test-std (x86_64, -Devloop=io_uring, 1)	UNKNOWN STEP	2026-07-16T13:18:29.4222531Z        Could not bind to '0.0.0.0:58249': Address already in use (Socket::BindError)
test-std (x86_64, -Devloop=io_uring, 1)	UNKNOWN STEP	2026-07-16T13:18:29.4231086Z          from src/socket/addrinfo.cr:94:9 in 'bind'
test-std (x86_64, -Devloop=io_uring, 1)	UNKNOWN STEP	2026-07-16T13:18:29.4232168Z          from src/socket/ip_socket.cr:24:5 in 'bind'
test-std (x86_64, -Devloop=io_uring, 1)	UNKNOWN STEP	2026-07-16T13:18:29.4233123Z          from spec/std/socket/socket_spec.cr:164:9 in '->'
test-std (x86_64, -Devloop=io_uring, 1)	UNKNOWN STEP	2026-07-16T13:18:29.4233897Z          from src/spec/example.cr:50:13 in 'internal_run'
test-std (x86_64, -Devloop=io_uring, 1)	UNKNOWN STEP	2026-07-16T13:18:29.4234586Z          from src/spec/example.cr:38:16 in 'run'
test-std (x86_64, -Devloop=io_uring, 1)	UNKNOWN STEP	2026-07-16T13:18:29.4235469Z          from src/spec/context.cr:20:23 in 'internal_run'
test-std (x86_64, -Devloop=io_uring, 1)	UNKNOWN STEP	2026-07-16T13:18:29.4236038Z          from src/spec/context.cr:364:14 in 'run'
test-std (x86_64, -Devloop=io_uring, 1)	UNKNOWN STEP	2026-07-16T13:18:29.4236466Z          from src/spec/context.cr:20:23 in 'internal_run'
test-std (x86_64, -Devloop=io_uring, 1)	UNKNOWN STEP	2026-07-16T13:18:29.4236862Z          from src/spec/context.cr:364:14 in 'run'
test-std (x86_64, -Devloop=io_uring, 1)	UNKNOWN STEP	2026-07-16T13:18:29.4237274Z          from src/spec/context.cr:20:23 in 'internal_run'
test-std (x86_64, -Devloop=io_uring, 1)	UNKNOWN STEP	2026-07-16T13:18:29.4237668Z          from src/spec/context.cr:364:14 in 'run'
test-std (x86_64, -Devloop=io_uring, 1)	UNKNOWN STEP	2026-07-16T13:18:29.4238050Z          from src/spec/context.cr:20:23 in 'internal_run'
test-std (x86_64, -Devloop=io_uring, 1)	UNKNOWN STEP	2026-07-16T13:18:29.4238461Z          from src/spec/context.cr:173:7 in 'run'
test-std (x86_64, -Devloop=io_uring, 1)	UNKNOWN STEP	2026-07-16T13:18:29.4238858Z          from src/spec/dsl.cr:219:7 in 'execute_examples'
test-std (x86_64, -Devloop=io_uring, 1)	UNKNOWN STEP	2026-07-16T13:18:29.4239245Z          from src/spec/dsl.cr:194:13 in '->'
test-std (x86_64, -Devloop=io_uring, 1)	UNKNOWN STEP	2026-07-16T13:18:29.4242296Z          from src/crystal/at_exit_handlers.cr:26:17 in 'run'
test-std (x86_64, -Devloop=io_uring, 1)	UNKNOWN STEP	2026-07-16T13:18:29.4242774Z          from src/crystal/main.cr:64:14 in 'exit'
test-std (x86_64, -Devloop=io_uring, 1)	UNKNOWN STEP	2026-07-16T13:18:29.4243513Z          from src/crystal/main.cr:50:5 in 'main'
test-std (x86_64, -Devloop=io_uring, 1)	UNKNOWN STEP	2026-07-16T13:18:29.4243926Z          from src/crystal/system/unix/main.cr:9:3 in 'main'
test-std (x86_64, -Devloop=io_uring, 1)	UNKNOWN STEP	2026-07-16T13:18:29.4244347Z          from /lib/x86_64-linux-gnu/libc.so.6 in '??'
test-std (x86_64, -Devloop=io_uring, 1)	UNKNOWN STEP	2026-07-16T13:18:29.4244803Z          from /lib/x86_64-linux-gnu/libc.so.6 in '__libc_start_main'
test-std (x86_64, -Devloop=io_uring, 1)	UNKNOWN STEP	2026-07-16T13:18:29.4245233Z          from .build/std_spec in '_start'
test-std (x86_64, -Devloop=io_uring, 1)	UNKNOWN STEP	2026-07-16T13:18:29.4245546Z          from ???
test-std (x86_64, -Devloop=io_uring, 1)	UNKNOWN STEP	2026-07-16T13:18:29.4245779Z        
test-std (x86_64, -Devloop=io_uring, 1)	UNKNOWN STEP	2026-07-16T13:18:29.4245895Z 
test-std (x86_64, -Devloop=io_uring, 1)	UNKNOWN STEP	2026-07-16T13:18:29.4245978Z Finished in 1:38 minutes
test-std (x86_64, -Devloop=io_uring, 1)	UNKNOWN STEP	2026-07-16T13:18:29.4246296Z 18017 examples, 0 failures, 1 errors, 30 pending
test-std (x86_64, -Devloop=io_uring, 1)	UNKNOWN STEP	2026-07-16T13:18:29.4246538Z 
test-std (x86_64, -Devloop=io_uring, 1)	UNKNOWN STEP	2026-07-16T13:18:29.4246616Z Failed examples:
test-std (x86_64, -Devloop=io_uring, 1)	UNKNOWN STEP	2026-07-16T13:18:29.4246735Z 
test-std (x86_64, -Devloop=io_uring, 1)	UNKNOWN STEP	2026-07-16T13:18:29.4247599Z crystal spec spec/std/socket/socket_spec.cr:152 # Socket #bind using IPv4 binds to port using default IP
test-std (x86_64, -Devloop=io_uring, 1)	UNKNOWN STEP	2026-07-16T13:18:29.4248243Z Randomized with seed: 19105
test-std (x86_64, -Devloop=io_uring, 1)	UNKNOWN STEP	2026-07-16T13:18:29.4700287Z make: *** [Makefile:140: std_spec] Error 1
test-std (x86_64, -Devloop=io_uring, 1)	UNKNOWN STEP	2026-07-16T13:18:29.7842141Z on_os linux docker run --rm -t -u 1001 -v /home/runner/work/crystal/crystal:/mnt -v /etc/passwd:/etc/passwd -v /etc/group:/etc/group -w /mnt -e CRYSTAL_CACHE_DIR=/tmp/crystal -e SPEC_SPLIT_DOTS -e USE_PCRE1 --security-opt seccomp=unconfined crystallang/crystal:1.20.2-build linux64 /bin/sh -c 'CRYSTAL_WORKERS=1 make std_spec threads=1 FLAGS="-Devloop=io_uring"' exited with 2
test-std (x86_64, -Devloop=io_uring, 1)	UNKNOWN STEP	2026-07-16T13:18:29.7856862Z ##[error]Process completed with exit code 1.
