run-tests (ubuntu-latest)	UNKNOWN STEP	2026-07-17T08:12:30.2029312Z ##[group]Run dotnet test Jellyfin.sln --configuration Release --collect:"XPlat Code Coverage" --settings tests/coverletArgs.runsettings --verbosity minimal
run-tests (ubuntu-latest)	UNKNOWN STEP	2026-07-17T08:12:30.2030334Z dotnet test Jellyfin.sln --configuration Release --collect:"XPlat Code Coverage" --settings tests/coverletArgs.runsettings --verbosity minimal
run-tests (ubuntu-latest)	UNKNOWN STEP	2026-07-17T08:12:30.2084878Z shell: /usr/bin/bash -e {0}
run-tests (ubuntu-latest)	UNKNOWN STEP	2026-07-17T08:12:30.2085161Z env:
run-tests (ubuntu-latest)	UNKNOWN STEP	2026-07-17T08:12:30.2085357Z   SDK_VERSION: 10.0.x
run-tests (ubuntu-latest)	UNKNOWN STEP	2026-07-17T08:12:30.2085596Z   DOTNET_ROOT: /usr/share/dotnet
run-tests (ubuntu-latest)	UNKNOWN STEP	2026-07-17T08:12:30.2085838Z ##[endgroup]
run-tests (ubuntu-latest)	UNKNOWN STEP	2026-07-17T08:12:31.4834193Z   Determining projects to restore...
run-tests (ubuntu-latest)	UNKNOWN STEP	2026-07-17T08:12:35.5403328Z   Restored /home/runner/work/jellyfin/jellyfin/tests/Jellyfin.MediaEncoding.Keyframes.Tests/Jellyfin.MediaEncoding.Keyframes.Tests.csproj (in 2.54 sec).
run-tests (ubuntu-latest)	UNKNOWN STEP	2026-07-17T08:12:35.5467740Z   Restored /home/runner/work/jellyfin/jellyfin/src/Jellyfin.LiveTv/Jellyfin.LiveTv.csproj (in 2.54 sec).
run-tests (ubuntu-latest)	UNKNOWN STEP	2026-07-17T08:12:35.5502464Z   Restored /home/runner/work/jellyfin/jellyfin/tests/Jellyfin.XbmcMetadata.Tests/Jellyfin.XbmcMetadata.Tests.csproj (in 2.53 sec).
run-tests (ubuntu-latest)	UNKNOWN STEP	2026-07-17T08:12:35.5535406Z   Restored /home/runner/work/jellyfin/jellyfin/MediaBrowser.MediaEncoding/MediaBrowser.MediaEncoding.csproj (in 2.54 sec).
run-tests (ubuntu-latest)	UNKNOWN STEP	2026-07-17T08:12:35.9062009Z   Restored /home/runner/work/jellyfin/jellyfin/tests/Jellyfin.Providers.Tests/Jellyfin.Providers.Tests.csproj (in 345 ms).
run-tests (ubuntu-latest)	UNKNOWN STEP	2026-07-17T08:12:36.7734724Z   Restored /home/runner/work/jellyfin/jellyfin/tests/Jellyfin.Networking.Tests/Jellyfin.Networking.Tests.csproj (in 335 ms).
run-tests (ubuntu-latest)	UNKNOWN STEP	2026-07-17T08:12:37.0384667Z   Restored /home/runner/work/jellyfin/jellyfin/tests/Jellyfin.Naming.Tests/Jellyfin.Naming.Tests.csproj (in 12 ms).
run-tests (ubuntu-latest)	UNKNOWN STEP	2026-07-17T08:12:37.0586549Z   Restored /home/runner/work/jellyfin/jellyfin/tests/Jellyfin.Model.Tests/Jellyfin.Model.Tests.csproj (in 9 ms).
run-tests (ubuntu-latest)	UNKNOWN STEP	2026-07-17T08:12:37.1059641Z   Restored /home/runner/work/jellyfin/jellyfin/tests/Jellyfin.MediaEncoding.Tests/Jellyfin.MediaEncoding.Tests.csproj (in 40 ms).
run-tests (ubuntu-latest)	UNKNOWN STEP	2026-07-17T08:12:37.1307946Z   Restored /home/runner/work/jellyfin/jellyfin/tests/Jellyfin.MediaEncoding.Hls.Tests/Jellyfin.MediaEncoding.Hls.Tests.csproj (in 12 ms).
run-tests (ubuntu-latest)	UNKNOWN STEP	2026-07-17T08:12:37.1543621Z   Restored /home/runner/work/jellyfin/jellyfin/tests/Jellyfin.LiveTv.Tests/Jellyfin.LiveTv.Tests.csproj (in 13 ms).
run-tests (ubuntu-latest)	UNKNOWN STEP	2026-07-17T08:12:37.2012422Z   Restored /home/runner/work/jellyfin/jellyfin/tests/Jellyfin.Extensions.Tests/Jellyfin.Extensions.Tests.csproj (in 39 ms).
run-tests (ubuntu-latest)	UNKNOWN STEP	2026-07-17T08:12:37.2218449Z   Restored /home/runner/work/jellyfin/jellyfin/tests/Jellyfin.Controller.Tests/Jellyfin.Controller.Tests.csproj (in 10 ms).
run-tests (ubuntu-latest)	UNKNOWN STEP	2026-07-17T08:12:37.2479404Z   Restored /home/runner/work/jellyfin/jellyfin/tests/Jellyfin.Common.Tests/Jellyfin.Common.Tests.csproj (in 15 ms).
run-tests (ubuntu-latest)	UNKNOWN STEP	2026-07-17T08:12:38.1504789Z /home/runner/work/jellyfin/jellyfin/tests/Jellyfin.Api.Tests/Jellyfin.Api.Tests.csproj : warning NU1903: Package 'SQLitePCLRaw.lib.e_sqlite3' 2.1.11 has a known high severity vulnerability, https://github.com/advisories/GHSA-2m69-gcr7-jv3q [/home/runner/work/jellyfin/jellyfin/Jellyfin.sln]
run-tests (ubuntu-latest)	UNKNOWN STEP	2026-07-17T08:12:38.4053791Z   Restored /home/runner/work/jellyfin/jellyfin/tests/Jellyfin.Api.Tests/Jellyfin.Api.Tests.csproj (in 1.05 sec).
run-tests (ubuntu-latest)	UNKNOWN STEP	2026-07-17T08:12:38.6385764Z   Restored /home/runner/work/jellyfin/jellyfin/src/Jellyfin.Networking/Jellyfin.Networking.csproj (in 43 ms).
run-tests (ubuntu-latest)	UNKNOWN STEP	2026-07-17T08:12:39.1586494Z   Restored /home/runner/work/jellyfin/jellyfin/src/Jellyfin.MediaEncoding.Keyframes/Jellyfin.MediaEncoding.Keyframes.csproj (in 2 ms).
run-tests (ubuntu-latest)	UNKNOWN STEP	2026-07-17T08:12:39.1802931Z   Restored /home/runner/work/jellyfin/jellyfin/src/Jellyfin.MediaEncoding.Hls/Jellyfin.MediaEncoding.Hls.csproj (in 11 ms).
run-tests (ubuntu-latest)	UNKNOWN STEP	2026-07-17T08:12:39.2145455Z   Restored /home/runner/work/jellyfin/jellyfin/src/Jellyfin.Extensions/Jellyfin.Extensions.csproj (in 31 ms).
run-tests (ubuntu-latest)	UNKNOWN STEP	2026-07-17T08:12:39.2360067Z   Restored /home/runner/work/jellyfin/jellyfin/src/Jellyfin.Drawing/Jellyfin.Drawing.csproj (in 11 ms).
run-tests (ubuntu-latest)	UNKNOWN STEP	2026-07-17T08:12:40.3931848Z /home/runner/work/jellyfin/jellyfin/tests/Jellyfin.Server.Tests/Jellyfin.Server.Tests.csproj : warning NU1903: Package 'SQLitePCLRaw.lib.e_sqlite3' 2.1.11 has a known high severity vulnerability, https://github.com/advisories/GHSA-2m69-gcr7-jv3q [/home/runner/work/jellyfin/jellyfin/Jellyfin.sln]
run-tests (ubuntu-latest)	UNKNOWN STEP	2026-07-17T08:12:40.3933748Z /home/runner/work/jellyfin/jellyfin/tests/Jellyfin.Server.Implementations.Tests/Jellyfin.Server.Implementations.Tests.csproj : warning NU1903: Package 'SQLitePCLRaw.lib.e_sqlite3' 2.1.11 has a known high severity vulnerability, https://github.com/advisories/GHSA-2m69-gcr7-jv3q [/home/runner/work/jellyfin/jellyfin/Jellyfin.sln]
run-tests (ubuntu-latest)	UNKNOWN STEP	2026-07-17T08:12:40.3935567Z /home/runner/work/jellyfin/jellyfin/tests/Jellyfin.Server.Integration.Tests/Jellyfin.Server.Integration.Tests.csproj : warning NU1903: Package 'SQLitePCLRaw.lib.e_sqlite3' 2.1.11 has a known high severity vulnerability, https://github.com/advisories/GHSA-2m69-gcr7-jv3q [/home/runner/work/jellyfin/jellyfin/Jellyfin.sln]
run-tests (ubuntu-latest)	UNKNOWN STEP	2026-07-17T08:12:40.6773297Z   Restored /home/runner/work/jellyfin/jellyfin/src/Jellyfin.Drawing.Skia/Jellyfin.Drawing.Skia.csproj (in 1.18 sec).
run-tests (ubuntu-latest)	UNKNOWN STEP	2026-07-17T08:12:40.6775670Z   Restored /home/runner/work/jellyfin/jellyfin/tests/Jellyfin.Server.Implementations.Tests/Jellyfin.Server.Implementations.Tests.csproj (in 4.87 sec).
run-tests (ubuntu-latest)	UNKNOWN STEP	2026-07-17T08:12:40.7042857Z   Restored /home/runner/work/jellyfin/jellyfin/tests/Jellyfin.Server.Tests/Jellyfin.Server.Tests.csproj (in 4.89 sec).
run-tests (ubuntu-latest)	UNKNOWN STEP	2026-07-17T08:12:40.7044772Z   Restored /home/runner/work/jellyfin/jellyfin/tests/Jellyfin.Server.Integration.Tests/Jellyfin.Server.Integration.Tests.csproj (in 4.88 sec).
run-tests (ubuntu-latest)	UNKNOWN STEP	2026-07-17T08:12:40.9757642Z   Restored /home/runner/work/jellyfin/jellyfin/MediaBrowser.XbmcMetadata/MediaBrowser.XbmcMetadata.csproj (in 12 ms).
run-tests (ubuntu-latest)	UNKNOWN STEP	2026-07-17T08:12:41.2523778Z   Restored /home/runner/work/jellyfin/jellyfin/MediaBrowser.Providers/MediaBrowser.Providers.csproj (in 11 ms).
run-tests (ubuntu-latest)	UNKNOWN STEP	2026-07-17T08:12:42.3127426Z   Restored /home/runner/work/jellyfin/jellyfin/MediaBrowser.Model/MediaBrowser.Model.csproj (in 779 ms).
run-tests (ubuntu-latest)	UNKNOWN STEP	2026-07-17T08:12:42.4202586Z   Restored /home/runner/work/jellyfin/jellyfin/MediaBrowser.LocalMetadata/MediaBrowser.LocalMetadata.csproj (in 7 ms).
run-tests (ubuntu-latest)	UNKNOWN STEP	2026-07-17T08:12:42.5442702Z   Restored /home/runner/work/jellyfin/jellyfin/MediaBrowser.Controller/MediaBrowser.Controller.csproj (in 12 ms).
run-tests (ubuntu-latest)	UNKNOWN STEP	2026-07-17T08:12:42.8096843Z   Restored /home/runner/work/jellyfin/jellyfin/MediaBrowser.Common/MediaBrowser.Common.csproj (in 10 ms).
run-tests (ubuntu-latest)	UNKNOWN STEP	2026-07-17T08:12:42.8343243Z /home/runner/work/jellyfin/jellyfin/Jellyfin.Server/Jellyfin.Server.csproj : warning NU1903: Package 'SQLitePCLRaw.lib.e_sqlite3' 2.1.11 has a known high severity vulnerability, https://github.com/advisories/GHSA-2m69-gcr7-jv3q [/home/runner/work/jellyfin/jellyfin/Jellyfin.sln]
run-tests (ubuntu-latest)	UNKNOWN STEP	2026-07-17T08:12:43.0793947Z /home/runner/work/jellyfin/jellyfin/src/Jellyfin.Database/Jellyfin.Database.Providers.Sqlite/Jellyfin.Database.Providers.Sqlite.csproj : warning NU1903: Package 'SQLitePCLRaw.lib.e_sqlite3' 2.1.11 has a known high severity vulnerability, https://github.com/advisories/GHSA-2m69-gcr7-jv3q [/home/runner/work/jellyfin/jellyfin/Jellyfin.sln]
run-tests (ubuntu-latest)	UNKNOWN STEP	2026-07-17T08:12:43.1902400Z   Restored /home/runner/work/jellyfin/jellyfin/src/Jellyfin.CodeAnalysis/Jellyfin.CodeAnalysis.csproj (in 2.13 sec).
run-tests (ubuntu-latest)	UNKNOWN STEP	2026-07-17T08:12:43.1966684Z /home/runner/work/jellyfin/jellyfin/Jellyfin.Server.Implementations/Jellyfin.Server.Implementations.csproj : warning NU1903: Package 'SQLitePCLRaw.lib.e_sqlite3' 2.1.11 has a known high severity vulnerability, https://github.com/advisories/GHSA-2m69-gcr7-jv3q [/home/runner/work/jellyfin/jellyfin/Jellyfin.sln]
run-tests (ubuntu-latest)	UNKNOWN STEP	2026-07-17T08:12:43.2656661Z   Restored /home/runner/work/jellyfin/jellyfin/Jellyfin.Server/Jellyfin.Server.csproj (in 33 ms).
run-tests (ubuntu-latest)	UNKNOWN STEP	2026-07-17T08:12:43.2709476Z   Restored /home/runner/work/jellyfin/jellyfin/src/Jellyfin.Database/Jellyfin.Database.Implementations/Jellyfin.Database.Implementations.csproj (in 2.44 sec).
run-tests (ubuntu-latest)	UNKNOWN STEP	2026-07-17T08:12:43.2765527Z   Restored /home/runner/work/jellyfin/jellyfin/Jellyfin.Server.Implementations/Jellyfin.Server.Implementations.csproj (in 9 ms).
run-tests (ubuntu-latest)	UNKNOWN STEP	2026-07-17T08:12:43.2817906Z   Restored /home/runner/work/jellyfin/jellyfin/src/Jellyfin.Database/Jellyfin.Database.Providers.Sqlite/Jellyfin.Database.Providers.Sqlite.csproj (in 2.44 sec).
run-tests (ubuntu-latest)	UNKNOWN STEP	2026-07-17T08:12:43.3010819Z /home/runner/work/jellyfin/jellyfin/Emby.Server.Implementations/Emby.Server.Implementations.csproj : warning NU1903: Package 'SQLitePCLRaw.lib.e_sqlite3' 2.1.11 has a known high severity vulnerability, https://github.com/advisories/GHSA-2m69-gcr7-jv3q [/home/runner/work/jellyfin/jellyfin/Jellyfin.sln]
run-tests (ubuntu-latest)	UNKNOWN STEP	2026-07-17T08:12:43.3152331Z   Restored /home/runner/work/jellyfin/jellyfin/Jellyfin.Data/Jellyfin.Data.csproj (in 3 ms).
run-tests (ubuntu-latest)	UNKNOWN STEP	2026-07-17T08:12:43.3826640Z   Restored /home/runner/work/jellyfin/jellyfin/Jellyfin.Api/Jellyfin.Api.csproj (in 13 ms).
run-tests (ubuntu-latest)	UNKNOWN STEP	2026-07-17T08:12:43.3977043Z   Restored /home/runner/work/jellyfin/jellyfin/Emby.Photos/Emby.Photos.csproj (in 9 ms).
run-tests (ubuntu-latest)	UNKNOWN STEP	2026-07-17T08:12:43.3978134Z   Restored /home/runner/work/jellyfin/jellyfin/Emby.Server.Implementations/Emby.Server.Implementations.csproj (in 28 ms).
run-tests (ubuntu-latest)	UNKNOWN STEP	2026-07-17T08:12:43.4065597Z   Restored /home/runner/work/jellyfin/jellyfin/Emby.Naming/Emby.Naming.csproj (in 6 ms).
run-tests (ubuntu-latest)	UNKNOWN STEP	2026-07-17T08:12:44.1256354Z /home/runner/work/jellyfin/jellyfin/tests/Jellyfin.Api.Tests/Jellyfin.Api.Tests.csproj : warning NU1903: Package 'SQLitePCLRaw.lib.e_sqlite3' 2.1.11 has a known high severity vulnerability, https://github.com/advisories/GHSA-2m69-gcr7-jv3q
run-tests (ubuntu-latest)	UNKNOWN STEP	2026-07-17T08:12:44.1825238Z /home/runner/work/jellyfin/jellyfin/tests/Jellyfin.Server.Implementations.Tests/Jellyfin.Server.Implementations.Tests.csproj : warning NU1903: Package 'SQLitePCLRaw.lib.e_sqlite3' 2.1.11 has a known high severity vulnerability, https://github.com/advisories/GHSA-2m69-gcr7-jv3q
run-tests (ubuntu-latest)	UNKNOWN STEP	2026-07-17T08:12:44.6864983Z /home/runner/work/jellyfin/jellyfin/src/Jellyfin.Database/Jellyfin.Database.Providers.Sqlite/Jellyfin.Database.Providers.Sqlite.csproj : warning NU1903: Package 'SQLitePCLRaw.lib.e_sqlite3' 2.1.11 has a known high severity vulnerability, https://github.com/advisories/GHSA-2m69-gcr7-jv3q
run-tests (ubuntu-latest)	UNKNOWN STEP	2026-07-17T08:12:44.8892040Z /home/runner/work/jellyfin/jellyfin/tests/Jellyfin.Server.Tests/Jellyfin.Server.Tests.csproj : warning NU1903: Package 'SQLitePCLRaw.lib.e_sqlite3' 2.1.11 has a known high severity vulnerability, https://github.com/advisories/GHSA-2m69-gcr7-jv3q
run-tests (ubuntu-latest)	UNKNOWN STEP	2026-07-17T08:12:44.9543469Z /home/runner/work/jellyfin/jellyfin/tests/Jellyfin.Server.Integration.Tests/Jellyfin.Server.Integration.Tests.csproj : warning NU1903: Package 'SQLitePCLRaw.lib.e_sqlite3' 2.1.11 has a known high severity vulnerability, https://github.com/advisories/GHSA-2m69-gcr7-jv3q
run-tests (ubuntu-latest)	UNKNOWN STEP	2026-07-17T08:12:49.0026616Z   Jellyfin.CodeAnalysis -> /home/runner/work/jellyfin/jellyfin/src/Jellyfin.CodeAnalysis/bin/Release/netstandard2.0/Jellyfin.CodeAnalysis.dll
run-tests (ubuntu-latest)	UNKNOWN STEP	2026-07-17T08:12:49.3542566Z   Jellyfin.Extensions -> /home/runner/work/jellyfin/jellyfin/src/Jellyfin.Extensions/bin/Release/net10.0/Jellyfin.Extensions.dll
run-tests (ubuntu-latest)	UNKNOWN STEP	2026-07-17T08:12:50.1392975Z   Jellyfin.Database.Implementations -> /home/runner/work/jellyfin/jellyfin/src/Jellyfin.Database/Jellyfin.Database.Implementations/bin/Release/net10.0/Jellyfin.Database.Implementations.dll
run-tests (ubuntu-latest)	UNKNOWN STEP	2026-07-17T08:12:50.2863466Z /home/runner/work/jellyfin/jellyfin/Jellyfin.Server.Implementations/Jellyfin.Server.Implementations.csproj : warning NU1903: Package 'SQLitePCLRaw.lib.e_sqlite3' 2.1.11 has a known high severity vulnerability, https://github.com/advisories/GHSA-2m69-gcr7-jv3q
run-tests (ubuntu-latest)	UNKNOWN STEP	2026-07-17T08:12:50.9028755Z   Jellyfin.MediaEncoding.Keyframes -> /home/runner/work/jellyfin/jellyfin/src/Jellyfin.MediaEncoding.Keyframes/bin/Debug/net10.0/Jellyfin.MediaEncoding.Keyframes.dll
run-tests (ubuntu-latest)	UNKNOWN STEP	2026-07-17T08:12:50.9057217Z /home/runner/work/jellyfin/jellyfin/Jellyfin.Server/Jellyfin.Server.csproj : warning NU1903: Package 'SQLitePCLRaw.lib.e_sqlite3' 2.1.11 has a known high severity vulnerability, https://github.com/advisories/GHSA-2m69-gcr7-jv3q
run-tests (ubuntu-latest)	UNKNOWN STEP	2026-07-17T08:12:50.9435230Z /home/runner/work/jellyfin/jellyfin/Emby.Server.Implementations/Emby.Server.Implementations.csproj : warning NU1903: Package 'SQLitePCLRaw.lib.e_sqlite3' 2.1.11 has a known high severity vulnerability, https://github.com/advisories/GHSA-2m69-gcr7-jv3q
run-tests (ubuntu-latest)	UNKNOWN STEP	2026-07-17T08:12:51.0489783Z   Jellyfin.Data -> /home/runner/work/jellyfin/jellyfin/Jellyfin.Data/bin/Release/net10.0/Jellyfin.Data.dll
run-tests (ubuntu-latest)	UNKNOWN STEP	2026-07-17T08:12:55.7168722Z   Jellyfin.MediaEncoding.Keyframes.Tests -> /home/runner/work/jellyfin/jellyfin/tests/Jellyfin.MediaEncoding.Keyframes.Tests/bin/Release/net10.0/Jellyfin.MediaEncoding.Keyframes.Tests.dll
run-tests (ubuntu-latest)	UNKNOWN STEP	2026-07-17T08:12:55.7262552Z Test run for /home/runner/work/jellyfin/jellyfin/tests/Jellyfin.MediaEncoding.Keyframes.Tests/bin/Release/net10.0/Jellyfin.MediaEncoding.Keyframes.Tests.dll (.NETCoreApp,Version=v10.0)
run-tests (ubuntu-latest)	UNKNOWN STEP	2026-07-17T08:12:55.8642998Z A total of 1 test files matched the specified pattern.
run-tests (ubuntu-latest)	UNKNOWN STEP	2026-07-17T08:12:57.8864861Z 
run-tests (ubuntu-latest)	UNKNOWN STEP	2026-07-17T08:12:57.8913102Z Passed!  - Failed:     0, Passed:     2, Skipped:     0, Total:     2, Duration: 91 ms - Jellyfin.MediaEncoding.Keyframes.Tests.dll (net10.0)
run-tests (ubuntu-latest)	UNKNOWN STEP	2026-07-17T08:12:57.9624336Z   MediaBrowser.Model -> /home/runner/work/jellyfin/jellyfin/MediaBrowser.Model/bin/Release/net10.0/MediaBrowser.Model.dll
run-tests (ubuntu-latest)	UNKNOWN STEP	2026-07-17T08:12:59.2002659Z   MediaBrowser.Common -> /home/runner/work/jellyfin/jellyfin/MediaBrowser.Common/bin/Release/net10.0/MediaBrowser.Common.dll
run-tests (ubuntu-latest)	UNKNOWN STEP	2026-07-17T08:13:00.7628905Z   Jellyfin.Model.Tests -> /home/runner/work/jellyfin/jellyfin/tests/Jellyfin.Model.Tests/bin/Release/net10.0/Jellyfin.Model.Tests.dll
run-tests (ubuntu-latest)	UNKNOWN STEP	2026-07-17T08:13:00.7892653Z Test run for /home/runner/work/jellyfin/jellyfin/tests/Jellyfin.Model.Tests/bin/Release/net10.0/Jellyfin.Model.Tests.dll (.NETCoreApp,Version=v10.0)
run-tests (ubuntu-latest)	UNKNOWN STEP	2026-07-17T08:13:00.9967791Z A total of 1 test files matched the specified pattern.
run-tests (ubuntu-latest)	UNKNOWN STEP	2026-07-17T08:13:06.6873209Z   Jellyfin.Database.Providers.Sqlite -> /home/runner/work/jellyfin/jellyfin/src/Jellyfin.Database/Jellyfin.Database.Providers.Sqlite/bin/Release/net10.0/Jellyfin.Database.Providers.Sqlite.dll
run-tests (ubuntu-latest)	UNKNOWN STEP	2026-07-17T08:13:06.7146006Z   Emby.Naming -> /home/runner/work/jellyfin/jellyfin/Emby.Naming/bin/Release/net10.0/Emby.Naming.dll
run-tests (ubuntu-latest)	UNKNOWN STEP	2026-07-17T08:13:12.9786415Z   MediaBrowser.Controller -> /home/runner/work/jellyfin/jellyfin/MediaBrowser.Controller/bin/Release/net10.0/MediaBrowser.Controller.dll
run-tests (ubuntu-latest)	UNKNOWN STEP	2026-07-17T08:13:13.6933738Z   Jellyfin.Drawing.Skia -> /home/runner/work/jellyfin/jellyfin/src/Jellyfin.Drawing.Skia/bin/Release/net10.0/Jellyfin.Drawing.Skia.dll
run-tests (ubuntu-latest)	UNKNOWN STEP	2026-07-17T08:13:16.7043219Z 
run-tests (ubuntu-latest)	UNKNOWN STEP	2026-07-17T08:13:16.7116893Z Passed!  - Failed:     0, Passed:   658, Skipped:     0, Total:   658, Duration: 8 s - Jellyfin.Model.Tests.dll (net10.0)
run-tests (ubuntu-latest)	UNKNOWN STEP	2026-07-17T08:13:19.8425003Z   MediaBrowser.Providers -> /home/runner/work/jellyfin/jellyfin/MediaBrowser.Providers/bin/Release/net10.0/MediaBrowser.Providers.dll
run-tests (ubuntu-latest)	UNKNOWN STEP	2026-07-17T08:13:21.4515345Z   Jellyfin.Controller.Tests -> /home/runner/work/jellyfin/jellyfin/tests/Jellyfin.Controller.Tests/bin/Release/net10.0/Jellyfin.Controller.Tests.dll
run-tests (ubuntu-latest)	UNKNOWN STEP	2026-07-17T08:13:21.4612716Z Test run for /home/runner/work/jellyfin/jellyfin/tests/Jellyfin.Controller.Tests/bin/Release/net10.0/Jellyfin.Controller.Tests.dll (.NETCoreApp,Version=v10.0)
run-tests (ubuntu-latest)	UNKNOWN STEP	2026-07-17T08:13:21.6612341Z A total of 1 test files matched the specified pattern.
run-tests (ubuntu-latest)	UNKNOWN STEP	2026-07-17T08:13:25.2843234Z   Jellyfin.Extensions.Tests -> /home/runner/work/jellyfin/jellyfin/tests/Jellyfin.Extensions.Tests/bin/Release/net10.0/Jellyfin.Extensions.Tests.dll
run-tests (ubuntu-latest)	UNKNOWN STEP	2026-07-17T08:13:25.2897577Z Test run for /home/runner/work/jellyfin/jellyfin/tests/Jellyfin.Extensions.Tests/bin/Release/net10.0/Jellyfin.Extensions.Tests.dll (.NETCoreApp,Version=v10.0)
run-tests (ubuntu-latest)	UNKNOWN STEP	2026-07-17T08:13:25.4628485Z A total of 1 test files matched the specified pattern.
run-tests (ubuntu-latest)	UNKNOWN STEP	2026-07-17T08:13:28.6841899Z 
run-tests (ubuntu-latest)	UNKNOWN STEP	2026-07-17T08:13:28.6872779Z Passed!  - Failed:     0, Passed:    83, Skipped:     0, Total:    83, Duration: 480 ms - Jellyfin.Controller.Tests.dll (net10.0)
run-tests (ubuntu-latest)	UNKNOWN STEP	2026-07-17T08:13:28.8184189Z   Emby.Photos -> /home/runner/work/jellyfin/jellyfin/Emby.Photos/bin/Release/net10.0/Emby.Photos.dll
run-tests (ubuntu-latest)	UNKNOWN STEP	2026-07-17T08:13:28.8627289Z   Jellyfin.Networking -> /home/runner/work/jellyfin/jellyfin/src/Jellyfin.Networking/bin/Release/net10.0/Jellyfin.Networking.dll
run-tests (ubuntu-latest)	UNKNOWN STEP	2026-07-17T08:13:28.8639440Z   Jellyfin.MediaEncoding.Hls -> /home/runner/work/jellyfin/jellyfin/src/Jellyfin.MediaEncoding.Hls/bin/Debug/net10.0/Jellyfin.MediaEncoding.Hls.dll
run-tests (ubuntu-latest)	UNKNOWN STEP	2026-07-17T08:13:29.7674216Z   Jellyfin.Server.Implementations -> /home/runner/work/jellyfin/jellyfin/Jellyfin.Server.Implementations/bin/Release/net10.0/Jellyfin.Server.Implementations.dll
run-tests (ubuntu-latest)	UNKNOWN STEP	2026-07-17T08:13:29.8452811Z   Jellyfin.Common.Tests -> /home/runner/work/jellyfin/jellyfin/tests/Jellyfin.Common.Tests/bin/Release/net10.0/Jellyfin.Common.Tests.dll
run-tests (ubuntu-latest)	UNKNOWN STEP	2026-07-17T08:13:29.8632736Z Test run for /home/runner/work/jellyfin/jellyfin/tests/Jellyfin.Common.Tests/bin/Release/net10.0/Jellyfin.Common.Tests.dll (.NETCoreApp,Version=v10.0)
run-tests (ubuntu-latest)	UNKNOWN STEP	2026-07-17T08:13:30.2742283Z A total of 1 test files matched the specified pattern.
run-tests (ubuntu-latest)	UNKNOWN STEP	2026-07-17T08:13:30.5618325Z ##[error]/home/runner/work/jellyfin/jellyfin/tests/Jellyfin.Providers.Tests/MediaInfo/AudioFileProberChapterTests.cs(118,43): error CS0117: 'LibraryOptions' does not contain a definition for 'PreferCueSidecarForAudiobookChapters' [/home/runner/work/jellyfin/jellyfin/tests/Jellyfin.Providers.Tests/Jellyfin.Providers.Tests.csproj]
run-tests (ubuntu-latest)	UNKNOWN STEP	2026-07-17T08:13:30.5657839Z 
run-tests (ubuntu-latest)	UNKNOWN STEP	2026-07-17T08:13:30.5658627Z Passed!  - Failed:     0, Passed:   142, Skipped:     0, Total:   142, Duration: 497 ms - Jellyfin.Extensions.Tests.dll (net10.0)
