build (master, packages/flutter_riverpod)	UNKNOWN STEP	2026-07-17T10:33:43.2825082Z 13 packages have newer versions incompatible with dependency constraints.
build (master, packages/flutter_riverpod)	UNKNOWN STEP	2026-07-17T10:33:43.2825800Z Try `dart pub outdated` for more information.
build (master, packages/flutter_riverpod)	UNKNOWN STEP	2026-07-17T10:33:59.8713489Z [1/10] Material Fonts                                              186ms
build (master, packages/flutter_riverpod)	UNKNOWN STEP	2026-07-17T10:33:59.9262438Z [2/10] Gradle Wrapper                                                7ms
build (master, packages/flutter_riverpod)	UNKNOWN STEP	2026-07-17T10:33:59.9349923Z [3/10] Flutter SDK
build (master, packages/flutter_riverpod)	UNKNOWN STEP	2026-07-17T10:34:00.0793198Z   ├─ [1/5] sky_engine                                              138ms
build (master, packages/flutter_riverpod)	UNKNOWN STEP	2026-07-17T10:34:00.2394680Z   ├─ [2/5] flutter_gpu                                              91ms
build (master, packages/flutter_riverpod)	UNKNOWN STEP	2026-07-17T10:34:00.4721842Z   ├─ [3/5] flutter_patched_sdk                                     219ms
build (master, packages/flutter_riverpod)	UNKNOWN STEP	2026-07-17T10:34:00.7791244Z   ├─ [4/5] flutter_patched_sdk_product                             213ms
build (master, packages/flutter_riverpod)	UNKNOWN STEP	2026-07-17T10:34:01.7355802Z   └─ [5/5] linux-x64                                               861ms
build (master, packages/flutter_riverpod)	UNKNOWN STEP	2026-07-17T10:34:02.4798874Z [10/10] linux-x64/font-subset                                      124ms
build (master, packages/flutter_riverpod)	UNKNOWN STEP	2026-07-17T10:34:02.6105755Z Resolving dependencies in `/home/runner/work/riverpod/riverpod`...
build (master, packages/flutter_riverpod)	UNKNOWN STEP	2026-07-17T10:34:03.2702490Z Downloading packages...
build (master, packages/flutter_riverpod)	UNKNOWN STEP	2026-07-17T10:34:08.0594668Z + _fe_analyzer_shared 99.0.0 (105.0.0 available)
build (master, packages/flutter_riverpod)	UNKNOWN STEP	2026-07-17T10:34:08.0595376Z + analysis_server_plugin 0.3.14 (0.3.20 available)
build (master, packages/flutter_riverpod)	UNKNOWN STEP	2026-07-17T10:34:08.0595938Z + analyzer 12.1.0 (14.1.0 available)
build (master, packages/flutter_riverpod)	UNKNOWN STEP	2026-07-17T10:34:08.0596411Z + analyzer_buffer 0.3.3
build (master, packages/flutter_riverpod)	UNKNOWN STEP	2026-07-17T10:34:08.0596849Z + analyzer_plugin 0.14.8 (0.14.14 available)
build (master, packages/flutter_riverpod)	UNKNOWN STEP	2026-07-17T10:34:08.0597346Z + args 2.7.0
build (master, packages/flutter_riverpod)	UNKNOWN STEP	2026-07-17T10:34:08.0597671Z + async 2.13.1
build (master, packages/flutter_riverpod)	UNKNOWN STEP	2026-07-17T10:34:08.0598326Z + boolean_selector 2.1.2
build (master, packages/flutter_riverpod)	UNKNOWN STEP	2026-07-17T10:34:08.0598755Z + build 4.0.7 (4.0.8 available)
build (master, packages/flutter_riverpod)	UNKNOWN STEP	2026-07-17T10:34:08.0599147Z + build_config 1.3.1
build (master, packages/flutter_riverpod)	UNKNOWN STEP	2026-07-17T10:34:08.5549517Z ##[endgroup]
build (master, packages/flutter_riverpod)	UNKNOWN STEP	2026-07-17T10:34:08.7269295Z Formatted 32 files (0 changed) in 0.15 seconds.
build (master, packages/flutter_riverpod)	UNKNOWN STEP	2026-07-17T10:34:08.7373109Z ##[group]Run flutter analyze
build (master, packages/flutter_riverpod)	UNKNOWN STEP	2026-07-17T10:34:08.7373537Z flutter analyze
build (master, packages/flutter_riverpod)	UNKNOWN STEP	2026-07-17T10:34:08.7443922Z shell: /usr/bin/bash -e {0}
build (master, packages/flutter_riverpod)	UNKNOWN STEP	2026-07-17T10:34:08.7444299Z env:
build (master, packages/flutter_riverpod)	UNKNOWN STEP	2026-07-17T10:34:08.7444729Z   FLUTTER_ROOT: /opt/hostedtoolcache/flutter/master-master-x64
build (master, packages/flutter_riverpod)	UNKNOWN STEP	2026-07-17T10:34:08.7445301Z   PUB_CACHE: /home/runner/.pub-cache
build (master, packages/flutter_riverpod)	UNKNOWN STEP	2026-07-17T10:34:08.7445724Z ##[endgroup]
build (master, packages/flutter_riverpod)	UNKNOWN STEP	2026-07-17T10:34:08.9139335Z Resolving dependencies in `/home/runner/work/riverpod/riverpod`...
build (master, packages/flutter_riverpod)	UNKNOWN STEP	2026-07-17T10:34:09.0889508Z Downloading packages...
build (master, packages/flutter_riverpod)	UNKNOWN STEP	2026-07-17T10:34:09.1362111Z   _fe_analyzer_shared 99.0.0 (105.0.0 available)
build (master, packages/flutter_riverpod)	UNKNOWN STEP	2026-07-17T10:34:09.1363131Z   analysis_server_plugin 0.3.14 (0.3.20 available)
build (master, packages/flutter_riverpod)	UNKNOWN STEP	2026-07-17T10:34:09.1364047Z   analyzer 12.1.0 (14.1.0 available)
build (master, packages/flutter_riverpod)	UNKNOWN STEP	2026-07-17T10:34:09.1364826Z   analyzer_plugin 0.14.8 (0.14.14 available)
build (master, packages/flutter_riverpod)	UNKNOWN STEP	2026-07-17T10:34:09.1365322Z   build 4.0.7 (4.0.8 available)
build (master, packages/flutter_riverpod)	UNKNOWN STEP	2026-07-17T10:34:09.1365758Z   build_runner 2.15.1 (2.15.2 available)
build (master, packages/flutter_riverpod)	UNKNOWN STEP	2026-07-17T10:34:09.1366313Z   build_test 3.5.16 (3.5.17 available)
build (master, packages/flutter_riverpod)	UNKNOWN STEP	2026-07-17T10:34:09.1366791Z   dart_style 3.1.8 (3.1.12 available)
build (master, packages/flutter_riverpod)	UNKNOWN STEP	2026-07-17T10:34:09.1367287Z   devtools_app_shared 0.4.0 (0.5.1 available)
build (master, packages/flutter_riverpod)	UNKNOWN STEP	2026-07-17T10:34:09.1367817Z   devtools_extensions 0.4.0 (0.5.1 available)
build (master, packages/flutter_riverpod)	UNKNOWN STEP	2026-07-17T10:34:09.1368326Z   devtools_shared 12.1.0 (14.0.0 available)
build (master, packages/flutter_riverpod)	UNKNOWN STEP	2026-07-17T10:34:09.1368910Z   dio 5.9.2 (5.10.0 available)
build (master, packages/flutter_riverpod)	UNKNOWN STEP	2026-07-17T10:34:09.1369652Z   flutter_portal 0.4.0 (1.1.4 available)
build (master, packages/flutter_riverpod)	UNKNOWN STEP	2026-07-17T10:34:09.1370434Z   freezed 3.2.6-dev.1 (4.0.0-dev.3 available)
build (master, packages/flutter_riverpod)	UNKNOWN STEP	2026-07-17T10:34:09.1371178Z   mockito 5.6.4 (5.7.0 available)
build (master, packages/flutter_riverpod)	UNKNOWN STEP	2026-07-17T10:34:09.1371647Z   package_config 2.2.0 (3.0.0 available)
build (master, packages/flutter_riverpod)	UNKNOWN STEP	2026-07-17T10:34:09.1372126Z   test 1.31.1 (1.31.2 available)
build (master, packages/flutter_riverpod)	UNKNOWN STEP	2026-07-17T10:34:09.1372554Z   test_api 0.7.12 (0.7.13 available)
build (master, packages/flutter_riverpod)	UNKNOWN STEP	2026-07-17T10:34:09.1373000Z   test_core 0.6.18 (0.6.19 available)
build (master, packages/flutter_riverpod)	UNKNOWN STEP	2026-07-17T10:34:09.1373579Z Got dependencies in `/home/runner/work/riverpod/riverpod`!
build (master, packages/flutter_riverpod)	UNKNOWN STEP	2026-07-17T10:34:09.1374388Z 19 packages have newer versions incompatible with dependency constraints.
build (master, packages/flutter_riverpod)	UNKNOWN STEP	2026-07-17T10:34:09.1375148Z Try `flutter pub outdated` for more information.
build (master, packages/flutter_riverpod)	UNKNOWN STEP	2026-07-17T10:34:42.1544831Z Analyzing flutter_riverpod...                                   
build (master, packages/flutter_riverpod)	UNKNOWN STEP	2026-07-17T10:34:42.1550197Z 
build (master, packages/flutter_riverpod)	UNKNOWN STEP	2026-07-17T10:34:42.1570094Z    info • Unnecessary use of 'unawaited'. Try removing the use of 'unawaited', as the unawaited element is annotated with '@awaitNotRequired' • test/framework_test.dart:753:5 • unnecessary_unawaited
build (master, packages/flutter_riverpod)	UNKNOWN STEP	2026-07-17T10:34:42.1573810Z    info • Unnecessary use of 'unawaited'. Try removing the use of 'unawaited', as the unawaited element is annotated with '@awaitNotRequired' • test/src/core/consumer_test.dart:116:7 • unnecessary_unawaited
build (master, packages/flutter_riverpod)	UNKNOWN STEP	2026-07-17T10:34:42.1577257Z    info • Unnecessary use of 'unawaited'. Try removing the use of 'unawaited', as the unawaited element is annotated with '@awaitNotRequired' • test/src/core/provider_subscription_test.dart:30:5 • unnecessary_unawaited
build (master, packages/flutter_riverpod)	UNKNOWN STEP	2026-07-17T10:34:42.1581087Z    info • Unnecessary use of 'unawaited'. Try removing the use of 'unawaited', as the unawaited element is annotated with '@awaitNotRequired' • test/src/core/provider_subscription_test.dart:35:5 • unnecessary_unawaited
build (master, packages/flutter_riverpod)	UNKNOWN STEP	2026-07-17T10:34:42.1584511Z 
build (master, packages/flutter_riverpod)	UNKNOWN STEP	2026-07-17T10:34:42.1637689Z 4 issues found. (ran in 32.6s)
build (master, packages/flutter_riverpod)	UNKNOWN STEP	2026-07-17T10:34:42.1706440Z ##[error]Process completed with exit code 1.
